{ERROR} GLBFLG254000411 3020- PHI-PRESSFIT Pass Goto  PHI-PRESSFIT-INSPECTION-(3020)- Ready for Station Type: : The FID is in Unit State: 3020- PHI-PRESSFIT Pass Goto  PHI-PRESSFIT-INSPECTION-(3020)- Ready for Station Type: 
